package org.jboss.examples.logistics;

import javax.jws.WebMethod;
import javax.jws.WebParam;
import javax.jws.WebResult;
import javax.jws.WebService;
import javax.jws.soap.SOAPBinding;
import javax.xml.bind.annotation.XmlSeeAlso;


@WebService(targetNamespace = "http://www.jboss.org/examples/logistics", name = "LogisticsInterface")
@XmlSeeAlso({ObjectFactory.class})
@SOAPBinding(parameterStyle = SOAPBinding.ParameterStyle.BARE)
@org.oasisopen.sca.annotation.Remotable public interface LogisticsInterface {

    @WebResult(name = "DeliveryConfirmed", targetNamespace = "http://www.jboss.org/examples/logistics", partName = "content")
    @WebMethod(action = "http://www.jboss.org/examples/logistics/deliver")
    public DeliveryConfirmed deliver(
        @WebParam(partName = "content", name = "DeliveryRequest", targetNamespace = "http://www.jboss.org/examples/logistics")
        DeliveryRequest content
    );
}
