<switchyard xmlns="urn:switchyard-config:switchyard:1.0" xmlns:examples="http://www.jboss.org/bpel/examples" xmlns:ls="http://example.com/loan-approval/loanService/" xmlns:ra="http://example.com/loan-approval/riskAssessment/" name="loanapproval">
    <composite xmlns="http://docs.oasis-open.org/ns/opencsa/sca/200912" name="loanapproval">
        <service name="loanService" promote="loanapprovalComponent/loanService">
            <interface.wsdl interface="loanServicePT.wsdl#wsdl.porttype(loanServicePT)"/>
            <binding.soap xmlns="urn:switchyard-component-soap:config:1.0">
                <wsdl>
                    loanServicePT.wsdl
                </wsdl>
                <socketAddr>
                    :18001
                </socketAddr>
            </binding.soap>
        </service>
        <reference multiplicity="1..1" name="riskAssessor" promote="loanapprovalComponent/riskAssessor">
            <interface.wsdl interface="riskAssessmentPT.wsdl#wsdl.porttype(riskAssessmentPT)"/>
            <binding.soap xmlns="urn:switchyard-component-soap:config:1.0">
                <wsdl>
                    riskAssessmentPT.wsdl
                </wsdl>
                <socketAddr>
                    :18001
                </socketAddr>
            </binding.soap>
        </reference>
        <component name="loanapprovalComponent">
            <implementation.bpel xmlns="http://docs.oasis-open.org/ns/opencsa/sca/200903" process="ls:loanApprovalProcess"/>
            <service name="loanService">
                <interface.wsdl interface="loanServicePT.wsdl#wsdl.porttype(loanServicePT)"/>
            </service>
            <reference name="riskAssessor">
                <interface.wsdl interface="riskAssessmentPT.wsdl#wsdl.porttype(riskAssessmentPT)"/>
            </reference>
        </component>
        <service name="riskAssessor" promote="loanapprovalComponent/riskAssessor">
            <interface.wsdl interface="riskAssessmentPT.wsdl#wsdl.porttype(riskAssessmentPT)"/>
            <binding.soap xmlns="urn:switchyard-component-soap:config:1.0">
                <wsdl>
                    riskAssessmentPT.wsdl
                </wsdl>
                <socketAddr>
                    :18001
                </socketAddr>
            </binding.soap>
        </service>
        <component name="loanapprovalComponent">
            <implementation.bpel xmlns="http://docs.oasis-open.org/ns/opencsa/sca/200903" process="ra:riskAssessmentProcess"/>
            <service name="riskAssessor">
                <interface.wsdl interface="riskAssessmentPT.wsdl#wsdl.porttype(riskAssessmentPT)"/>
            </service>
        </component>
    </composite>
</switchyard>
