
/**
 * Please modify this class to meet your needs
 * This class is not complete
 */

package org.jboss.examples.store;

import java.util.logging.Logger;
import javax.jws.WebMethod;
import javax.jws.WebParam;
import javax.jws.WebResult;
import javax.jws.WebService;
import javax.jws.soap.SOAPBinding;
import javax.xml.bind.annotation.XmlSeeAlso;



@javax.jws.WebService(
                      serviceName = "StoreService",
                      portName = "StoreInterfacePort",
                      targetNamespace = "http://www.jboss.org/examples/store",
                      wsdlLocation = "wsdl/PurchaseGoodsProcess_Store.wsdl",
                      endpointInterface = "org.jboss.examples.store.StoreInterface")
                      
public class StoreInterfaceImpl implements StoreInterface {

    @org.oasisopen.sca.annotation.Reference
    org.jboss.examples.logistics.LogisticsInterface logistics;

    @org.oasisopen.sca.annotation.Reference
    org.jboss.examples.creditagency.CreditAgencyInterface creditAgency;

    private static final Logger LOG = Logger.getLogger(StoreInterfaceImpl.class.getName());

    
    public org.jboss.examples.store.BuyConfirmedType buy(BuyRequestType content) throws AccountNotFoundFault , BuyFailedFault    { 
        LOG.info("Executing operation buy");
        System.out.println(content);
        try {
            org.jboss.examples.store.BuyConfirmedType _return = null;
            return _return;
        } catch (java.lang.Exception ex) {
            ex.printStackTrace();
            throw new RuntimeException(ex);
        }
        //throw new AccountNotFoundFault("AccountNotFoundFault...");
        //throw new BuyFailedFault("BuyFailedFault...");
    }

}
