package org.savara.examples.logistics;

import javax.jws.WebMethod;
import javax.jws.WebParam;
import javax.jws.WebResult;
import javax.jws.WebService;
import javax.jws.soap.SOAPBinding;
import javax.xml.bind.annotation.XmlSeeAlso;


 
@WebService(targetNamespace = "http://www.savara.org/examples/Logistics", name = "Logistics")
@XmlSeeAlso({org.jboss.examples.logistics.ObjectFactory.class})
@SOAPBinding(parameterStyle = SOAPBinding.ParameterStyle.BARE)
public interface Logistics {

    @WebResult(name = "DeliveryConfirmed", targetNamespace = "http://www.jboss.org/examples/logistics", partName = "content")
    @WebMethod(action = "http://www.savara.org/examples/Logistics/delivery")
    public org.jboss.examples.logistics.DeliveryConfirmedType delivery(
        @WebParam(partName = "content", name = "DeliveryRequest", targetNamespace = "http://www.jboss.org/examples/logistics")
        org.jboss.examples.logistics.DeliveryRequestType content
    );
}
