<switchyard xmlns="urn:switchyard-config:switchyard:1.0"
		targetNamespace="http://www.savara.org/examples/Store"
		name="Store">
	<composite xmlns="http://docs.oasis-open.org/ns/opencsa/sca/200912"
			targetNamespace="http://www.savara.org/examples/Store"
			name="Store" >
		<service name="Store" promote="StoreComponent/Store">
			<interface.wsdl interface="wsdl/PurchaseGoods_Store.wsdl#wsdl.porttype(Store)" />
			<binding.soap xmlns="urn:switchyard-component-soap:config:1.0">
				<wsdl>wsdl/PurchaseGoods_Store.wsdl</wsdl>
				<socketAddr>:18001</socketAddr>
			</binding.soap>
		</service>
		<component name="StoreComponent">
			<implementation.bean xmlns="urn:switchyard-component-bean:config:1.0" class="org.savara.examples.store.StoreImpl"/>
			<service name="Store" >
				<interface.java interface="org.savara.examples.store.Store"/>
			</service>
		</component>
	</composite>
	<transforms xmlns:xform="urn:switchyard-config:transform:1.0">
		<xform:transform.jaxb
			from="{http://www.jboss.org/examples/store}BuyRequest"
			to="java:org.jboss.examples.store.BuyRequestType"
			contextPath="org.jboss.examples.store"/>
		<xform:transform.jaxb
			to="{http://www.jboss.org/examples/store}BuyConfirmed"
			from="java:org.jboss.examples.store.BuyConfirmedType"
			contextPath="org.jboss.examples.store"/>
		<xform:transform.java class="org.savara.examples.store.AccountNotFoundFaultTransformer"
			to="{http://www.jboss.org/examples/store}AccountNotFound"
			from="java:org.savara.examples.store.AccountNotFoundFault"/>
		<xform:transform.java class="org.savara.examples.store.InsufficientCreditFaultTransformer"
			to="{http://www.jboss.org/examples/store}BuyFailed"
			from="java:org.savara.examples.store.InsufficientCreditFault"/>
		<xform:transform.jaxb
			from="{http://www.jboss.org/examples/store}AckRequest"
			to="java:org.jboss.examples.store.AckRequestType"
			contextPath="org.jboss.examples.store"/>
	</transforms>
</switchyard>
